// Jest Snapshot v1, https://goo.gl/fbAQLP

exports[`Input should render shallow component ok 1`] = `
<div
  className="e1q9f2xp0 css-10v4ujk"
  style={Object {}}
>
  <div
    className="e1q9f2xp0 css-1werqj1"
    onClick={undefined}
    style={Object {}}
  >
    <div
      className="e1q9f2xp0 css-r48vgy"
      style={Object {}}
    >
      <div
        className="e1q9f2xp0 css-1o95wo4"
        style={Object {}}
      >
        <label
          className="em7k1990 css-fyza2f"
          color="navy600"
          htmlFor={undefined}
          onClick={undefined}
          size="small"
          style={Object {}}
          title={undefined}
        >
          Project name
        </label>
      </div>
      <div
        className="e6fqpax1 css-1o5tdq2"
        style={Object {}}
      >
        <input
          className="css-1yu0r67 e6fqpax2"
          defaultValue={undefined}
          disabled={false}
          name="My first project"
          onBlur={[Function]}
          onChange={[Function]}
          onFocus={[Function]}
          placeholder="My first project"
          readOnly={false}
          size="medium"
          style={
            Object {
              "width": undefined,
            }
          }
          value={undefined}
        />
      </div>
    </div>
  </div>
  <div
    className="e1q9f2xp0 css-1werqj1"
    onClick={undefined}
    style={Object {}}
  >
    <div
      className="e1q9f2xp0 css-r48vgy"
      style={Object {}}
    >
      <div
        className="e1q9f2xp0 css-1o95wo4"
        style={Object {}}
      >
        <label
          className="em7k1990 css-fyza2f"
          color="navy600"
          htmlFor={undefined}
          onClick={undefined}
          size="small"
          style={Object {}}
          title={undefined}
        >
          Task name
        </label>
      </div>
      <div
        className="e6fqpax1 css-1o5tdq2"
        style={Object {}}
      >
        <input
          className="css-1yu0r67 e6fqpax2"
          defaultValue={undefined}
          disabled={false}
          name="My first task"
          onBlur={[Function]}
          onChange={[Function]}
          onFocus={[Function]}
          placeholder="My first task"
          readOnly={false}
          size="medium"
          style={
            Object {
              "width": undefined,
            }
          }
          value={undefined}
        />
      </div>
    </div>
  </div>
</div>
`;
