// Jest Snapshot v1, https://goo.gl/fbAQLP

exports[`Input should render shallow component ok 1`] = `
<div
  className="ui-field-row"
  style={
    Object {
      "marginLeft": "-20px",
      "marginTop": "20px",
    }
  }
>
  <div
    className="ui-field ui-field--legacy"
    onClick={undefined}
    style={
      Object {
        "flex": 1,
        "marginLeft": 0,
        "paddingLeft": "20px",
      }
    }
  >
    <div
      className="ui-box"
      style={
        Object {
          "WebkitBoxAlign": "center",
          "WebkitBoxDirection": "normal",
          "WebkitBoxOrient": "horizontal",
          "WebkitBoxPack": "justify",
          "alignItems": "center",
          "flexDirection": "row",
          "justifyContent": "space-between",
        }
      }
    >
      <label
        className="ui-field-label"
        htmlFor={undefined}
        style={
          Object {
            "marginBottom": "4px",
            "marginRight": 0,
            "width": null,
          }
        }
        title={undefined}
      >
        Project name
      </label>
    </div>
    <div
      className="ui-input-container ui-input-container--margin-none"
    >
      <input
        className="ui-input ui-input--medium"
        defaultValue={undefined}
        disabled={false}
        name="My first project"
        onBlur={[Function]}
        onChange={[Function]}
        onFocus={[Function]}
        placeholder="My first project"
        readOnly={false}
        style={
          Object {
            "width": undefined,
          }
        }
        value={undefined}
      />
    </div>
  </div>
  <div
    className="ui-field ui-field--legacy"
    onClick={undefined}
    style={
      Object {
        "flex": 1,
        "marginLeft": 0,
        "paddingLeft": "20px",
      }
    }
  >
    <div
      className="ui-box"
      style={
        Object {
          "WebkitBoxAlign": "center",
          "WebkitBoxDirection": "normal",
          "WebkitBoxOrient": "horizontal",
          "WebkitBoxPack": "justify",
          "alignItems": "center",
          "flexDirection": "row",
          "justifyContent": "space-between",
        }
      }
    >
      <label
        className="ui-field-label"
        htmlFor={undefined}
        style={
          Object {
            "marginBottom": "4px",
            "marginRight": 0,
            "width": null,
          }
        }
        title={undefined}
      >
        Task name
      </label>
    </div>
    <div
      className="ui-input-container ui-input-container--margin-none"
    >
      <input
        className="ui-input ui-input--medium"
        defaultValue={undefined}
        disabled={false}
        name="My first task"
        onBlur={[Function]}
        onChange={[Function]}
        onFocus={[Function]}
        placeholder="My first task"
        readOnly={false}
        style={
          Object {
            "width": undefined,
          }
        }
        value={undefined}
      />
    </div>
  </div>
</div>
`;
