// Jest Snapshot v1, https://goo.gl/fbAQLP

exports[`Input should render shallow component ok 1`] = `
<fieldset
  className="e102tui80 css-sn7uhe"
  name={undefined}
  onClick={undefined}
  style={Object {}}
>
  <div
    className="ui-field ui-field--legacy e1q9f2xp6 css-gr8tir"
    onClick={undefined}
    style={Object {}}
  >
    <div
      className="e1q9f2xp0 css-ou6tiu"
      style={Object {}}
    >
      <label
        className="ui-field-label e1q9f2xp6 css-vwv6c7"
        htmlFor={undefined}
        style={Object {}}
        title={undefined}
      >
        Your name
         *
      </label>
    </div>
    <div
      className="ui-input-container ui-input-container--margin-none"
    >
      <input
        className="ui-input ui-input--medium"
        defaultValue={undefined}
        disabled={false}
        name="Alex"
        onBlur={[Function]}
        onChange={[Function]}
        onFocus={[Function]}
        placeholder="Alex"
        readOnly={false}
        style={
          Object {
            "width": undefined,
          }
        }
        value={undefined}
      />
    </div>
  </div>
</fieldset>
`;
