// Jest Snapshot v1, https://goo.gl/fbAQLP

exports[`Field should render shallow component ok 1`] = `
<div
  className="css-134evea0 css-1lsspws"
  onClick={undefined}
  style={Object {}}
>
  <div
    className="css-134evea0 css-16j9e65"
    style={Object {}}
  >
    <div
      className="css-134evea0 css-1x0f447"
      style={Object {}}
    >
      <label
        className="css-16ef8bd0 css-uci0iz"
        color="navy600"
        htmlFor={undefined}
        onClick={undefined}
        size="small"
        style={Object {}}
        title={undefined}
      >
        My Label
      </label>
    </div>
    <div
      className="css-xnmmcr1 css-1p93vdy"
      style={Object {}}
    >
      <input
        className="css-14pze4m css-xnmmcr2"
        defaultValue={undefined}
        disabled={false}
        name={undefined}
        onBlur={[Function]}
        onChange={[Function]}
        onFocus={[Function]}
        placeholder={undefined}
        readOnly={false}
        size="medium"
        style={
          Object {
            "width": undefined,
          }
        }
        value="My Input Value"
      />
    </div>
  </div>
  <span
    className="css-134evea3 css-c43ebs"
    style={Object {}}
  >
    <span
      className="css-16ef8bd0 css-1u1iks6"
      color="navy600"
      onClick={undefined}
      size="extra-small"
      style={Object {}}
    >
      My Hint
    </span>
  </span>
</div>
`;
