// Jest Snapshot v1, https://goo.gl/fbAQLP

exports[`H2 should allow weight to be overridden 1`] = `
<h2
  className="heading heading--large color-navy700 emotion-0 emotion-1"
  style={Object {}}
>
  An H2 Tag
</h2>
`;

exports[`H2 should render shallow component ok 1`] = `
<h2
  className="heading heading--large color-navy700 emotion-0 emotion-1"
  style={Object {}}
>
  An H2 Tag
</h2>
`;
