// Jest Snapshot v1, https://goo.gl/fbAQLP

exports[`ToggleButton should render shallow component ok 1`] = `
<div
  className="e1q9f2xp0 css-gfpqnh"
  data-test="ui-toggle-button"
  onClick={[Function]}
  style={Object {}}
>
  <div
    className="css-pgeyey e1mw9c3b0"
    selected={false}
  >
    <div
      className="css-kb857k e1mw9c3b1"
      selected={false}
    />
  </div>
</div>
`;
