// Jest Snapshot v1, https://goo.gl/fbAQLP

exports[`ToggleButton should render shallow component ok 1`] = `
<div
  className="css-134evea0 css-1wynm0n"
  onClick={[Function]}
  style={Object {}}
>
  <div
    className="css-lvh3bq css-13hfc2d0"
    selected={undefined}
  >
    <div
      className="css-ffns5 css-13hfc2d1"
      selected={undefined}
    />
  </div>
</div>
`;
