// Jest Snapshot v1, https://goo.gl/fbAQLP

exports[`components/list should render as a grid 1`] = `
ShallowWrapper {
  "length": 1,
  Symbol(enzyme.__root__): [Circular],
  Symbol(enzyme.__unrendered__): <ul
    className="e13caurm0 css-1uwea5l"
    style={Object {}}
    wrap={undefined}
  >
    <li
      className="e13caurm1 css-if8fih"
      style={Object {}}
    >
      <div
        className="e4o9m4l0 css-y323j4"
        onClick={undefined}
        style={Object {}}
      >
        List Item One
      </div>
    </li>
    <li
      className="e13caurm1 css-if8fih"
      style={Object {}}
    >
      <div
        className="e4o9m4l0 css-y323j4"
        onClick={undefined}
        style={Object {}}
      >
        List Item Two
      </div>
    </li>
    <li
      className="e13caurm1 css-if8fih"
      style={Object {}}
    >
      <div
        className="e4o9m4l0 css-y323j4"
        onClick={undefined}
        style={Object {}}
      >
        List Item Three
      </div>
    </li>
    <li
      className="e13caurm1 css-if8fih"
      style={Object {}}
    >
      <div
        className="e4o9m4l0 css-y323j4"
        onClick={undefined}
        style={Object {}}
      >
        List Item Four
      </div>
    </li>
  </ul>,
  Symbol(enzyme.__renderer__): Object {
    "batchedUpdates": [Function],
    "getNode": [Function],
    "render": [Function],
    "simulateEvent": [Function],
    "unmount": [Function],
  },
  Symbol(enzyme.__node__): Object {
    "instance": null,
    "key": undefined,
    "nodeType": "host",
    "props": Object {
      "className": "e13caurm0 css-1uwea5l",
      "style": Object {},
      "wrap": undefined,
    },
    "ref": undefined,
    "rendered": null,
    "type": "ul",
  },
  Symbol(enzyme.__nodes__): Array [
    Object {
      "instance": null,
      "key": undefined,
      "nodeType": "host",
      "props": Object {
        "className": "e13caurm0 css-1uwea5l",
        "style": Object {},
        "wrap": undefined,
      },
      "ref": undefined,
      "rendered": null,
      "type": "ul",
    },
  ],
  Symbol(enzyme.__options__): Object {
    "adapter": ReactFifteenAdapter {
      "options": Object {
        "supportPrevContextArgumentOfComponentDidUpdate": true,
      },
    },
  },
}
`;

exports[`components/list should shallow render as expected 1`] = `
ShallowWrapper {
  "length": 1,
  Symbol(enzyme.__root__): [Circular],
  Symbol(enzyme.__unrendered__): <ul
    className="e13caurm0 css-1uwea5l"
    style={Object {}}
    wrap={undefined}
  >
    <li
      className="e13caurm1 css-if8fih"
      style={Object {}}
    >
      <div
        className="e4o9m4l0 css-y323j4"
        onClick={undefined}
        style={Object {}}
      >
        List Item One
      </div>
    </li>
    <li
      className="e13caurm1 css-if8fih"
      style={Object {}}
    >
      <div
        className="e4o9m4l0 css-y323j4"
        onClick={undefined}
        style={Object {}}
      >
        List Item Two
      </div>
    </li>
    <li
      className="e13caurm1 css-if8fih"
      style={Object {}}
    >
      <div
        className="e4o9m4l0 css-y323j4"
        onClick={undefined}
        style={Object {}}
      >
        List Item Three
      </div>
    </li>
    <li
      className="e13caurm1 css-if8fih"
      style={Object {}}
    >
      <div
        className="e4o9m4l0 css-y323j4"
        onClick={undefined}
        style={Object {}}
      >
        List Item Four
      </div>
    </li>
  </ul>,
  Symbol(enzyme.__renderer__): Object {
    "batchedUpdates": [Function],
    "getNode": [Function],
    "render": [Function],
    "simulateEvent": [Function],
    "unmount": [Function],
  },
  Symbol(enzyme.__node__): Object {
    "instance": null,
    "key": undefined,
    "nodeType": "host",
    "props": Object {
      "className": "e13caurm0 css-1uwea5l",
      "style": Object {},
      "wrap": undefined,
    },
    "ref": undefined,
    "rendered": null,
    "type": "ul",
  },
  Symbol(enzyme.__nodes__): Array [
    Object {
      "instance": null,
      "key": undefined,
      "nodeType": "host",
      "props": Object {
        "className": "e13caurm0 css-1uwea5l",
        "style": Object {},
        "wrap": undefined,
      },
      "ref": undefined,
      "rendered": null,
      "type": "ul",
    },
  ],
  Symbol(enzyme.__options__): Object {
    "adapter": ReactFifteenAdapter {
      "options": Object {
        "supportPrevContextArgumentOfComponentDidUpdate": true,
      },
    },
  },
}
`;
