// Jest Snapshot v1, https://goo.gl/fbAQLP

exports[`Radio should render shallow component ok 1`] = `
<div
  className="ui-radio ui-radio--medium"
  data-test="ui-radio"
  name={undefined}
  style={
    Object {
      "alignContent": "flex-start",
      "alignItems": "stretch",
      "display": "flex",
      "flexDirection": "column",
      "flexShrink": 0,
      "position": "relative",
    }
  }
>
  <input
    checked={true}
    disabled={undefined}
    id="radio1"
    onChange={[Function]}
    type="radio"
  />
  <label
    htmlFor="radio1"
    onClick={undefined}
  />
</div>
`;
