// Jest Snapshot v1, https://goo.gl/fbAQLP

exports[`Radio should render shallow component ok 1`] = `
.emotion-5 {
  display: -webkit-box;
  display: -webkit-flex;
  display: -ms-flexbox;
  display: flex;
  -webkit-align-items: center;
  -webkit-box-align: center;
  -ms-flex-align: center;
  align-items: center;
  -webkit-box-pack: start;
  -webkit-justify-content: start;
  -ms-flex-pack: start;
  justify-content: start;
}

.emotion-3 {
  position: relative;
  -webkit-flex-direction: column;
  -ms-flex-direction: column;
  flex-direction: column;
  -webkit-align-items: stretch;
  -webkit-box-align: stretch;
  -ms-flex-align: stretch;
  align-items: stretch;
  -webkit-flex-shrink: 0;
  -ms-flex-negative: 0;
  flex-shrink: 0;
  -webkit-align-content: flex-start;
  -ms-flex-line-pack: flex-start;
  align-content: flex-start;
  display: -webkit-box;
  display: -webkit-flex;
  display: -ms-flexbox;
  display: flex;
  width: 16px;
  height: 16px;
}

.emotion-1 {
  display: inline-block;
  vertical-align: bottom;
  position: absolute;
}

<div
  aria-checked={true}
  aria-disabled={undefined}
  className="root emotion-4 emotion-5"
  name={undefined}
  onClick={undefined}
  role="radio"
  style={Object {}}
>
  <div
    className="radio checked emotion-2 emotion-3"
    style={Object {}}
  >
    <span>
      <span
        className="icon emotion-0 emotion-1"
        style={Object {}}
      />
    </span>
  </div>
</div>
`;
