// Jest Snapshot v1, https://goo.gl/fbAQLP

exports[`Radio should render shallow component ok 1`] = `
.emotion-4 {
  display: -webkit-box;
  display: -webkit-flex;
  display: -ms-flexbox;
  display: flex;
  -webkit-align-items: center;
  -webkit-box-align: center;
  -ms-flex-align: center;
  align-items: center;
  -webkit-box-pack: start;
  -webkit-justify-content: flex-start;
  -ms-flex-pack: start;
  justify-content: flex-start;
  cursor: pointer;
}

.emotion-3 {
  position: relative;
  -webkit-flex-direction: column;
  -ms-flex-direction: column;
  flex-direction: column;
  -webkit-align-items: stretch;
  -webkit-box-align: stretch;
  -ms-flex-align: stretch;
  align-items: stretch;
  -webkit-flex-shrink: 0;
  -ms-flex-negative: 0;
  flex-shrink: 0;
  -webkit-align-content: flex-start;
  -ms-flex-line-pack: start;
  align-content: flex-start;
  display: -webkit-box;
  display: -webkit-flex;
  display: -ms-flexbox;
  display: flex;
  border-radius: 50%;
  position: relative;
  border: 1px solid rgb(84,195,219);
  background-color: #fff;
  background-position: center center;
  background-size: 80%;
  -webkit-transition: all 200ms ease-in-out;
  transition: all 200ms ease-in-out;
  width: 16px;
  height: 16px;
}

.emotion-0 {
  display: inline-block;
  -webkit-transition-duration: 0.15s !important;
  transition-duration: 0.15s !important;
  border-radius: 50%;
  width: 100%;
  height: 100%;
  position: absolute;
  left: 0;
  top: 0;
  background-color: rgb(84,195,219);
  border: 3px solid #fff;
}

<div
  aria-checked={true}
  aria-disabled={undefined}
  className="emotion-4 emotion-5"
  name={undefined}
  onClick={undefined}
  role="radio"
>
  <div
    checked={true}
    className="emotion-2 emotion-3"
    disabled={undefined}
    size="medium"
    style={Object {}}
  >
    <span>
      <span
        className="emotion-0 emotion-1"
        disabled={undefined}
      />
    </span>
  </div>
</div>
`;
