// Jest Snapshot v1, https://goo.gl/fbAQLP

exports[`components/grid should render shallow component ok 1`] = `
<div
  className="emotion-0 container"
>
  <div
    className="emotion-0 row"
  >
    <div
      className="emotion-0 col-xs-2"
    />
    <div
      className="emotion-0 col-xs-10"
    />
  </div>
</div>
`;
