// Jest Snapshot v1, https://goo.gl/fbAQLP

exports[`FieldHint should render shallow component ok 1`] = `
<span
  className="e1q9f2xp3 css-1onqzxr"
  style={Object {}}
>
  <span
    className="em7k1990 css-kxwt0l"
    color="navy600"
    onClick={undefined}
    size="extra-small"
    style={Object {}}
  />
</span>
`;
