// Jest Snapshot v1, https://goo.gl/fbAQLP

exports[`ButtonGroup should render shallow component ok 1`] = `
<div
  className="ui-btn-group ui-btn-group--wide emotion-0 emotion-1"
  data-test="ui-button-group"
  style={Object {}}
>
  <button
    className="ui-btn ui-btn--large ui-btn--primary ui-btn--grouped-with-spacing emotion-0 emotion-1"
    data-test="ui-button"
    disabled={false}
    name={undefined}
    onClick={[Function]}
    role="button"
    style={Object {}}
    type={undefined}
  >
    <div
      className="ui-btn__react-placeholder-message"
    >
      One
    </div>
    <div
      className="ui-btn__react-visible-message"
      name="message"
      title="One"
    >
      One
    </div>
    <div
      className="ui-btn__react-success-message"
    />
  </button>
  <button
    className="ui-btn ui-btn--large ui-btn--primary ui-btn--grouped-with-spacing emotion-0 emotion-1"
    data-test="ui-button"
    disabled={false}
    name={undefined}
    onClick={[Function]}
    role="button"
    style={Object {}}
    type={undefined}
  >
    <div
      className="ui-btn__react-placeholder-message"
    >
      Two
    </div>
    <div
      className="ui-btn__react-visible-message"
      name="message"
      title="Two"
    >
      Two
    </div>
    <div
      className="ui-btn__react-success-message"
    />
  </button>
</div>
`;
