// Jest Snapshot v1, https://goo.gl/fbAQLP

exports[`Tokens should be present 1`] = `
Object {
  "black": "rgb(0, 0, 0)",
  "blue": "rgb(0, 0, 0)",
  "blue000": "rgb(232, 246, 248)",
  "blue100": "rgb(208, 236, 242)",
  "blue200": "rgb(181, 226, 235)",
  "blue300": "rgb(151, 214, 227)",
  "blue400": "rgb(117, 200, 217)",
  "blue500": "rgb(77, 185, 207)",
  "blue600": "rgb(69, 167, 187)",
  "blue700": "rgb(61, 146, 164)",
  "blue800": "rgb(50, 121, 136)",
  "blue900": "rgb(36, 87, 97)",
  "boxShadowLevel0": "none",
  "boxShadowLevel1": "0 3px 6px rgba(140, 140, 140, 0.08)",
  "boxShadowLevel2": "0 10px 25px rgba(140, 140, 140, 0.14)",
  "boxShadowLevel3": "0 12px 25px rgba(140, 140, 140, 0.21)",
  "boxShadowLevel4": "0 14px 25px rgba(140, 140, 140, 0.27)",
  "charcoal": "rgb(86, 88, 115)",
  "confirmation": "rgb(229, 247, 241)",
  "currentColor": "currentColor",
  "error": "rgb(255, 235, 238)",
  "fontSizeHeadingExtraLarge": "2.4rem",
  "fontSizeHeadingExtraSmall": "1rem",
  "fontSizeHeadingLarge": "2rem",
  "fontSizeHeadingMedium": "1.6rem",
  "fontSizeHeadingSmall": "1.4rem",
  "fontSizeTextExtraLarge": "2.4rem",
  "fontSizeTextExtraSmall": "1.2rem",
  "fontSizeTextLarge": "1.8rem",
  "fontSizeTextMedium": "1.6rem",
  "fontSizeTextSmall": "1.4rem",
  "fontWeightBold": 700,
  "fontWeightLight": 300,
  "fontWeightMedium": 500,
  "fontWeightNormal": 400,
  "fontWeightSemibold": 600,
  "gradientPink": "linear-gradient(19deg, #E83F94 0%, #F54E5E 100%)",
  "gradientPinkStop1": "rgb(232, 63, 148)",
  "gradientPinkStop2": "rgb(245, 78, 94)",
  "green": "rgb(78, 210, 164)",
  "green000": "rgb(232, 249, 243)",
  "green100": "rgb(208, 243, 231)",
  "green200": "rgb(181, 236, 217)",
  "green300": "rgb(152, 228, 202)",
  "green400": "rgb(118, 220, 184)",
  "green500": "rgb(78, 210, 164)",
  "green600": "rgb(70, 190, 148)",
  "green700": "rgb(61, 166, 130)",
  "green800": "rgb(51, 138, 108)",
  "green900": "rgb(37, 100, 78)",
  "grey": "rgb(152, 160, 167)",
  "grey000": "rgb(249, 250, 252)",
  "grey100": "rgb(237, 241, 245)",
  "grey200": "rgb(221, 225, 228)",
  "grey300": "rgb(205, 211, 216)",
  "grey400": "rgb(189, 196, 203)",
  "grey500": "rgb(171, 180, 187)",
  "grey600": "rgb(152, 160, 167)",
  "grey700": "rgb(131, 137, 143)",
  "grey800": "rgb(103, 108, 113)",
  "grey900": "rgb(60, 63, 66)",
  "gridMaxWidth": 1200,
  "info": "rgb(232, 250, 252)",
  "inherit": "inherit",
  "inputActiveBorder": "1px solid #4db9cf",
  "inputDefaultBackground": "rgb(255, 255, 255)",
  "inputDefaultBorder": "1px solid #bdc4cb",
  "inputDefaultColor": "rgb(107, 109, 133)",
  "inputDisabledBackground": "rgb(171, 171, 185)",
  "inputDisabledBorder": "1px solid #bdc4cb",
  "inputDisabledColor": "rgb(107, 109, 133)",
  "inputHoverBorder": "1px solid #abb4bb",
  "inputReadonlyBackground": "rgb(171, 171, 185)",
  "inputReadonlyBorder": "1px dashed #bdc4cb",
  "inputReadonlyColor": "rgb(107, 109, 133)",
  "navy": "rgb(44, 46, 80)",
  "navy000": "rgb(234, 234, 238)",
  "navy100": "rgb(213, 213, 220)",
  "navy200": "rgb(192, 192, 203)",
  "navy300": "rgb(171, 171, 185)",
  "navy400": "rgb(150, 151, 171)",
  "navy500": "rgb(128, 130, 150)",
  "navy600": "rgb(107, 109, 133)",
  "navy700": "rgb(86, 88, 115)",
  "navy800": "rgb(65, 66, 98)",
  "navy900": "rgb(44, 46, 80)",
  "none": "",
  "platinum": "rgb(205, 211, 216)",
  "purple": "rgb(159, 129, 218)",
  "purple000": "rgb(243, 239, 250)",
  "purple100": "rgb(230, 222, 245)",
  "purple200": "rgb(216, 203, 240)",
  "purple300": "rgb(200, 182, 233)",
  "purple400": "rgb(181, 158, 226)",
  "purple500": "rgb(159, 129, 218)",
  "purple600": "rgb(143, 116, 196)",
  "purple700": "rgb(125, 101, 172)",
  "purple800": "rgb(103, 84, 142)",
  "purple900": "rgb(73, 59, 101)",
  "red": "rgb(238, 70, 126)",
  "red000": "rgb(253, 236, 241)",
  "red100": "rgb(251, 214, 227)",
  "red200": "rgb(249, 190, 210)",
  "red300": "rgb(246, 162, 190)",
  "red400": "rgb(243, 125, 165)",
  "red500": "rgb(238, 70, 126)",
  "red600": "rgb(215, 63, 113)",
  "red700": "rgb(188, 55, 99)",
  "red800": "rgb(155, 45, 82)",
  "red900": "rgb(111, 32, 59)",
  "silver": "rgb(171, 180, 187)",
  "slate": "rgb(107, 109, 133)",
  "snow": "rgb(221, 225, 228)",
  "spacingExtraExtraLarge": "48px",
  "spacingExtraLarge": "32px",
  "spacingExtraSmall": "4px",
  "spacingLarge": "24px",
  "spacingMedium": "16px",
  "spacingNone": "0px",
  "spacingSmall": "8px",
  "tableDefaultBorder": "1px solid #cdd3d8",
  "warning": "rgb(255, 246, 216)",
  "white": "rgb(255, 255, 255)",
  "yellow": "rgb(253, 182, 28)",
  "yellow000": "rgb(254, 245, 225)",
  "yellow100": "rgb(254, 235, 194)",
  "yellow200": "rgb(254, 224, 160)",
  "yellow300": "rgb(253, 212, 121)",
  "yellow400": "rgb(253, 198, 78)",
  "yellow500": "rgb(253, 182, 28)",
  "yellow600": "rgb(228, 164, 25)",
  "yellow700": "rgb(201, 144, 22)",
  "yellow800": "rgb(167, 120, 18)",
  "yellow900": "rgb(120, 86, 13)",
}
`;
